HIP Library Path: C:\WINDOWS\SYSTEM32\amdhip64_7.dll
.\build\bin\llama-cli.exe : ggml_cuda_init: found 1 ROCm devices (Total VRAM: 16304 MiB):
発生場所 行:1 文字:126
+ ...  $env:PATH; .\build\bin\llama-cli.exe -m "C:\Users\jagsa\.lmstudio\mo ...
+                 ~~~~~~~~~~~~~~~~~~~~~~~~~~~~~~~~~~~~~~~~~~~~~~~~~~~~~~~~~
    + CategoryInfo          : NotSpecified: (ggml_cuda_init:...AM: 16304 MiB)::String) [], RemoteExceptio
n
    + FullyQualifiedErrorId : NativeCommandError
 
  Device 0: AMD Radeon RX 9070, gfx1201 (0x1201), VMM: no, Wave Size: 32, VRAM: 16304 MiB
